../Src/main.c:50:5:main	8	static
../Src/main.c:75:6:task1_handler	8	static
../Src/main.c:83:6:task2_handler	8	static
../Src/main.c:91:6:task3_handler	8	static
../Src/main.c:99:6:task4_handler	8	static
../Src/main.c:107:6:init_systick_timer	32	static
../Src/main.c:128:29:init_scheduler_stack	0	static,ignoring_inline_asm
../Src/main.c:134:6:init_tasks_stack	16	static
../Src/main.c:162:6:enable_processor_faults	16	static
../Src/main.c:171:10:get_psp_value	4	static
../Src/main.c:176:6:save_psp_value	16	static
../Src/main.c:181:6:update_next_task	4	static
../Src/main.c:187:29:switch_sp_to_psp	0	static,ignoring_inline_asm
../Src/main.c:206:29:SysTick_Handler	0	static,ignoring_inline_asm
../Src/main.c:241:6:HardFault_Handler	8	static
../Src/main.c:247:6:MemManage_Handler	8	static
../Src/main.c:253:6:BusFault_Handler	8	static
../Src/main.c:259:6:UsageFault_Handler	8	static
